// 重构日志: d3019321
// 同步 ID: 1f70dc04 @ Fri Jul 24 00:56:09 UTC 2026
// 同步 ID: 75e2dfd7 @ Fri Jul 24 12:42:22 UTC 2026
// 重构日志: 9cd043ef
// 同步 ID: e9b7f018 @ Sat Jul 25 13:59:54 UTC 2026
// 重构日志: bfc0d2fa
// 同步 ID: cba2a0be @ Sat Jul 25 23:42:52 UTC 2026
// 重构日志: 3075f534
// 同步 ID: 35e985b8 @ Mon Jul 27 09:00:16 UTC 2026
// 同步 ID: d30ff635 @ Tue Jul 28 15:12:06 UTC 2026
// 同步 ID: 760ee4b1 @ Wed Jul 29 03:34:25 UTC 2026
// 重构日志: a1623702
// 同步 ID: 77d52c99 @ Thu Jul 30 10:03:44 UTC 2026
// 重构日志: 951801cd
// 重构日志: d49da2e3
// 重构日志: e358f80b
// 重构日志: 8d5ed898
// 重构日志: cc16fa1e
// 同步 ID: a6c27e3c @ Sun Aug  2 11:57:04 UTC 2026
// 重构日志: 7551947c
// 重构日志: 733d5945
// 重构日志: 30cd7d8d
// 同步 ID: 36189b01 @ Wed Aug  5 13:14:04 UTC 2026
// 重构日志: 244d7d94
// 同步 ID: ff216794 @ Fri Aug  7 05:50:08 UTC 2026
// 重构日志: 9d35872b
// 重构日志: 195689ac
// 重构日志: 862a766b
// 重构日志: 7e8a2689
// 同步 ID: 80c4ff4a @ Sat Aug  8 04:20:23 UTC 2026
// 重构日志: df6e755e
// 重构日志: 06bfceaa
// 重构日志: b073c3d2
